;idspace=????
preset_value_MOD_preset_hard|MISSING_LOCALISATION
preset_value_MOD_preset_easy|MISSING_LOCALISATION