;idspace=????
ibt_notif_drank_tonic_beard_failure|ibt_notif_drank_tonic_beard_failure
ibt_notif_drank_tonic_beard_success|ibt_notif_drank_tonic_beard_success
ibt_notif_drank_tonic_hair_failure|ibt_notif_drank_tonic_hair_failure
ibt_notif_drank_tonic_hair_success|ibt_notif_drank_tonic_hair_success
ibt_notif_used_scissors_beard_failure|ibt_notif_used_scissors_beard_failure
ibt_notif_used_scissors_beard_success|ibt_notif_used_scissors_beard_success
ibt_notif_used_scissors_hair_failure|ibt_notif_used_scissors_hair_failure
ibt_notif_used_scissors_hair_success|ibt_notif_used_scissors_hair_success