;idspace=????
;bundle
item_name_ibt_scissors|MISSING_LOCALISATION
item_desc_ibt_scissors|MISSING_LOCALISATION
item_name_ibt_hairtie|MISSING_LOCALISATION
item_desc_ibt_hairtie|MISSING_LOCALISATION
item_name_ibt_tonic_beard|MISSING_LOCALISATION
item_desc_ibt_tonic_beard|MISSING_LOCALISATION
item_name_ibt_tonic_hair|MISSING_LOCALISATION
item_desc_ibt_tonic_hair|MISSING_LOCALISATION
item_name_recipe_ibt_tonic_beard|MISSING_LOCALISATION