;idspace=????
ibt_notif_drank_tonic_beard_failure|MISSING_LOCALISATION
ibt_notif_drank_tonic_beard_success|MISSING_LOCALISATION
ibt_notif_drank_tonic_hair_failure|MISSING_LOCALISATION
ibt_notif_drank_tonic_hair_success|MISSING_LOCALISATION
ibt_notif_used_scissors_beard_failure|MISSING_LOCALISATION
ibt_notif_used_scissors_beard_success|MISSING_LOCALISATION
ibt_notif_used_scissors_hair_failure|MISSING_LOCALISATION
ibt_notif_used_scissors_hair_success|MISSING_LOCALISATION
ibt_panel_button_changeScissorsMode|MISSING_LOCALISATION
item_desc_ibt_scissors_mode_beard|MISSING_LOCALISATION
item_desc_ibt_scissors_mode_hair|MISSING_LOCALISATION
item_desc_ibt_scissors_mode_preamble|MISSING_LOCALISATION